SET client_min_messages TO NOTICE;
\set ECHO none
psql:pg_sphere.test.sql:7: NOTICE:  type "spoint" is not yet defined
DETAIL:  Creating a shell type definition.
psql:pg_sphere.test.sql:14: NOTICE:  argument type spoint is only a shell
psql:pg_sphere.test.sql:30: NOTICE:  type "strans" is not yet defined
DETAIL:  Creating a shell type definition.
psql:pg_sphere.test.sql:37: NOTICE:  argument type strans is only a shell
psql:pg_sphere.test.sql:53: NOTICE:  type "scircle" is not yet defined
DETAIL:  Creating a shell type definition.
psql:pg_sphere.test.sql:60: NOTICE:  argument type scircle is only a shell
psql:pg_sphere.test.sql:76: NOTICE:  type "sline" is not yet defined
DETAIL:  Creating a shell type definition.
psql:pg_sphere.test.sql:83: NOTICE:  argument type sline is only a shell
psql:pg_sphere.test.sql:99: NOTICE:  type "sellipse" is not yet defined
DETAIL:  Creating a shell type definition.
psql:pg_sphere.test.sql:106: NOTICE:  argument type sellipse is only a shell
psql:pg_sphere.test.sql:124: NOTICE:  type "spoly" is not yet defined
DETAIL:  Creating a shell type definition.
psql:pg_sphere.test.sql:131: NOTICE:  argument type spoly is only a shell
psql:pg_sphere.test.sql:150: NOTICE:  type "spath" is not yet defined
DETAIL:  Creating a shell type definition.
psql:pg_sphere.test.sql:157: NOTICE:  argument type spath is only a shell
psql:pg_sphere.test.sql:176: NOTICE:  type "sbox" is not yet defined
DETAIL:  Creating a shell type definition.
psql:pg_sphere.test.sql:183: NOTICE:  argument type sbox is only a shell
psql:pg_sphere.test.sql:8539: NOTICE:  type "spherekey" is not yet defined
DETAIL:  Creating a shell type definition.
psql:pg_sphere.test.sql:8546: NOTICE:  argument type spherekey is only a shell
psql:pg_sphere.test.sql:8941: NOTICE:  type "pointkey" is not yet defined
DETAIL:  Creating a shell type definition.
psql:pg_sphere.test.sql:8948: NOTICE:  argument type pointkey is only a shell
psql:pg_sphere.test.sql:8954: NOTICE:  argument type pointkey is only a shell
psql:pg_sphere.test.sql:8960: NOTICE:  argument type pointkey is only a shell
psql:pg_sphere.test.sql:8966: NOTICE:  argument type pointkey is only a shell
