SET client_min_messages = 'notice';
-- SET client_min_messages = 'warning';
SELECT smoc('');            -- expected: '0/'
 smoc 
------
 0/
(1 row)

SELECT '0/'::smoc;          -- expected: '0/'
 smoc 
------
 0/
(1 row)

SELECT '29/'::smoc;         -- expected: '0/'
 smoc 
------
 0/
(1 row)

SELECT '0/0-3,7'::smoc;     -- expected: '0/0-3,7'
  smoc   
---------
 0/0-3,7
(1 row)

SELECT '0/0,1,2,3,7'::smoc; -- expected: '0/0-3,7'
  smoc   
---------
 0/0-3,7
(1 row)

SELECT '(0.78, 0.81)'::spoint <@ '7/123-456,10000-20000'::smoc;
 ?column? 
----------
 t
(1 row)

SELECT '(0.78, 0.81)'::spoint <@ '7/123-456,1000-2000'::smoc;
 ?column? 
----------
 f
(1 row)

SELECT 1 <@ (smoc('29/2-5,20-29,123,444,17-21,33-39,332-339,0-1'));
 ?column? 
----------
 t
(1 row)

SELECT 1 <@ (smoc('29/2-5,20-29,123,444,17-21,33-39,332-339'));
 ?column? 
----------
 f
(1 row)

SELECT 2 <@ (smoc('29/2-5,20-29,123,444,17-21,33-39,332-339'));
 ?column? 
----------
 t
(1 row)

SELECT 6 <@ (smoc('29/2-5,20-29,123,444,17-21,33-39,332-339'));
 ?column? 
----------
 f
(1 row)

SELECT 29 <@ (smoc('29/2-5,20-29,123,444,17-21,33-39,332-339'));
 ?column? 
----------
 t
(1 row)

SELECT 333 <@ (smoc('29/2-5,20-29,123,444,17-21,33-39,332-339'));
 ?column? 
----------
 t
(1 row)

SELECT 555 <@ (smoc('29/2-5,20-29,123,444,17-21,33-39,332-339'));
 ?column? 
----------
 f
(1 row)

SELECT set_smoc_output_type(1);
         set_smoc_output_type          
---------------------------------------
 Set output type to MOC intervals (1).
(1 row)

SELECT '29/0-3,7'::smoc;
      smoc       
-----------------
 {[0, 4) [7, 8)}
(1 row)

SELECT '29/0,1,2,3,7'::smoc;
      smoc       
-----------------
 {[0, 4) [7, 8)}
(1 row)

SELECT '29/3-11,70-88,22-34'::smoc;
            smoc             
-----------------------------
 {[3, 12) [22, 35) [70, 89)}
(1 row)

SELECT '29/5-11,70-88,2-4'::smoc;
        smoc        
--------------------
 {[2, 12) [70, 89)}
(1 row)

SELECT '29/11-18,22-27,31-35,42-55,62-69,100-111,15-49'::smoc;
              smoc              
--------------------------------
 {[11, 56) [62, 70) [100, 112)}
(1 row)

SELECT '29/1-3,20-30,7-17'::smoc;
           smoc            
---------------------------
 {[1, 4) [7, 18) [20, 31)}
(1 row)

SELECT '29/16-32,10-20'::smoc;
    smoc    
------------
 {[10, 33)}
(1 row)

SELECT '29/1-3,11-14,17-21,40-50,9-33'::smoc;
           smoc            
---------------------------
 {[1, 4) [9, 34) [40, 51)}
(1 row)

SELECT '29/10-20,16-32'::smoc;
    smoc    
------------
 {[10, 33)}
(1 row)

SELECT '29/20-30,64-72,89-93,26-100'::smoc;
    smoc     
-------------
 {[20, 101)}
(1 row)

SELECT '29/3-11,20-30,64-72,89-93,26-100'::smoc;
        smoc         
---------------------
 {[3, 12) [20, 101)}
(1 row)

SELECT '29/3-11,20-30,64-72,89-93,222-333,26-100'::smoc;
              smoc              
--------------------------------
 {[3, 12) [20, 101) [222, 334)}
(1 row)

SELECT '29/20-30,64-72,89-93,222-333,26-100'::smoc;
          smoc          
------------------------
 {[20, 101) [222, 334)}
(1 row)

SELECT smoc(-1); -- expected: error
ERROR:  function smoc(integer) does not exist
LINE 1: SELECT smoc(-1);
               ^
HINT:  No function matches the given name and argument types. You might need to add explicit type casts.
SELECT smoc(15); -- expected: error
ERROR:  function smoc(integer) does not exist
LINE 1: SELECT smoc(15);
               ^
HINT:  No function matches the given name and argument types. You might need to add explicit type casts.
SELECT smoc(0);  -- expected: '0/'
ERROR:  function smoc(integer) does not exist
LINE 1: SELECT smoc(0);
               ^
HINT:  No function matches the given name and argument types. You might need to add explicit type casts.
SELECT smoc('');
 smoc 
------
 {}
(1 row)

SELECT smoc('abc');         -- expected: error
ERROR:  [c.0] Incorrect MOC syntax: unsupported character 'a'.
LINE 1: SELECT smoc('abc');
                    ^
HINT:  Expected syntax: '{healpix_order}/{healpix_index}[,...] ...', where {healpix_order} is between 0 and 29. Example: '1/0 2/3,5-10'.
SELECT smoc('-1/');         -- expected: error
ERROR:  [c.2] Healpix order must not be negative.
LINE 1: SELECT smoc('-1/');
                    ^
HINT:  Expected syntax: '{healpix_order}/{healpix_index}[,...] ...', where {healpix_order} is between 0 and 29. Example: '1/0 2/3,5-10'.
SELECT smoc('30/');         -- expected: error
ERROR:  [c.2] Incorrect Healpix order 30.
LINE 1: SELECT smoc('30/');
                    ^
HINT:  A valid Healpix order must be an integer between 0 and 29.
SELECT smoc('0/');
 smoc 
------
 {}
(1 row)

SELECT smoc('0/0-3,7');
                                 smoc                                  
-----------------------------------------------------------------------
 {[0, 1152921504606846976) [2017612633061982208, 2305843009213693952)}
(1 row)

SELECT smoc('0/0,1,2,3,7');
                                 smoc                                  
-----------------------------------------------------------------------
 {[0, 1152921504606846976) [2017612633061982208, 2305843009213693952)}
(1 row)

select set_smoc_output_type(0);
       set_smoc_output_type        
-----------------------------------
 Set output type to MOC-ASCII (0).
(1 row)

SELECT ''::smoc;
 smoc 
------
 0/
(1 row)

SELECT 'abc'::smoc;         -- expected: error
ERROR:  [c.0] Incorrect MOC syntax: unsupported character 'a'.
LINE 1: SELECT 'abc'::smoc;
               ^
HINT:  Expected syntax: '{healpix_order}/{healpix_index}[,...] ...', where {healpix_order} is between 0 and 29. Example: '1/0 2/3,5-10'.
SELECT '-1/'::smoc;         -- expected: error
ERROR:  [c.2] Healpix order must not be negative.
LINE 1: SELECT '-1/'::smoc;
               ^
HINT:  Expected syntax: '{healpix_order}/{healpix_index}[,...] ...', where {healpix_order} is between 0 and 29. Example: '1/0 2/3,5-10'.
SELECT '30/'::smoc;         -- expected: error
ERROR:  [c.2] Incorrect Healpix order 30.
LINE 1: SELECT '30/'::smoc;
               ^
HINT:  A valid Healpix order must be an integer between 0 and 29.
SELECT '0/'::smoc;          -- expected: '0/'
 smoc 
------
 0/
(1 row)

SELECT '0/0-3,7'::smoc;     -- expected: '0/0-3,7'
  smoc   
---------
 0/0-3,7
(1 row)

SELECT '0/0,1,2,3,7'::smoc; -- expected: '0/0-3,7'
  smoc   
---------
 0/0-3,7
(1 row)

select set_smoc_output_type(1);
         set_smoc_output_type          
---------------------------------------
 Set output type to MOC intervals (1).
(1 row)

SELECT smoc('2/0,1,2,3,7 4/17,21-33,111');
                               smoc                                
-------------------------------------------------------------------
 {[0, 72057594037927936) [124974889659531264, 144115188075855872)}
(1 row)

SELECT smoc('2/0,1,2,3,7 0/17,21-33,111');
ERROR:  [c.16] Incorrect Healpix index 17.
LINE 1: SELECT smoc('2/0,1,2,3,7 0/17,21-33,111');
                    ^
HINT:  At order 0, a Healpix index must be an integer between 0 and 11.
SELECT max_order(smoc(''));
 max_order 
-----------
         0
(1 row)

SELECT max_order(smoc('1/'));
 max_order 
-----------
         0
(1 row)

SELECT max_order(smoc('1/1'));
 max_order 
-----------
         1
(1 row)

SELECT max_order(smoc('1/10-3'));
ERROR:  [c.5] Incorrect Healpix range 10-3.
LINE 1: SELECT max_order(smoc('1/10-3'));
                              ^
HINT:  The first value of a range (here 10) must be less than the second one (here 3).
SELECT max_order(smoc('1/0-3'));
 max_order 
-----------
         0
(1 row)

SELECT max_order(smoc('1/0-1'));
 max_order 
-----------
         1
(1 row)

SELECT max_order(smoc('29/0-1'));
 max_order 
-----------
        29
(1 row)

SELECT max_order(smoc('29/0-3'));
 max_order 
-----------
        28
(1 row)

SELECT max_order(smoc('29/0-7'));
 max_order 
-----------
        28
(1 row)

SELECT max_order(smoc('29/0-15'));
 max_order 
-----------
        27
(1 row)

select set_smoc_output_type(0);
       set_smoc_output_type        
-----------------------------------
 Set output type to MOC-ASCII (0).
(1 row)

SELECT smoc('29/32-63');
  smoc  
--------
 27/2-3
(1 row)

SELECT smoc('29/64-127');
 smoc 
------
 26/1
(1 row)

SELECT smoc('0/0-11');
  smoc  
--------
 0/0-11
(1 row)

SELECT smoc('0/1-3');
 smoc  
-------
 0/1-3
(1 row)

SELECT smoc('0/1');
 smoc 
------
 0/1
(1 row)

SELECT smoc('0/3-5');
 smoc  
-------
 0/3-5
(1 row)

SELECT smoc('0/3-11');
  smoc  
--------
 0/3-11
(1 row)

SELECT smoc('0/0,3-11');
   smoc   
----------
 0/0,3-11
(1 row)

SELECT smoc('1/0,3-42');
       smoc        
-------------------
 0/1-9 1/0,3,40-42
(1 row)

SELECT smoc('29/3-42');
            smoc            
----------------------------
 27/1 28/1-3,8-9 29/3,40-42
(1 row)

SELECT smoc('29/1');
 smoc 
------
 29/1
(1 row)

SELECT smoc('28/1');
 smoc 
------
 28/1
(1 row)

SELECT smoc('24/1');
 smoc 
------
 24/1
(1 row)

SELECT smoc('24/1 29/1');
   smoc    
-----------
 24/1 29/1
(1 row)

SELECT smoc('24/1 11/1 29/1');
      smoc      
----------------
 11/1 24/1 29/1
(1 row)

SELECT smoc('24/1 11/1 29/1,3');
       smoc       
------------------
 11/1 24/1 29/1,3
(1 row)

SELECT smoc('24/1 11/1 29/1,3 2/22-33');
                 smoc                 
--------------------------------------
 1/6-7 2/22-23,32-33 11/1 24/1 29/1,3
(1 row)

SELECT smoc('2/22-33');
        smoc         
---------------------
 1/6-7 2/22-23,32-33
(1 row)

SELECT smoc('24/1 11/1 29/1,3 2/22-33');
                 smoc                 
--------------------------------------
 1/6-7 2/22-23,32-33 11/1 24/1 29/1,3
(1 row)

SELECT smoc('');
 smoc 
------
 0/
(1 row)

SELECT smoc('1/6-7 2/22-23,32-33 11/1 24/1 29/1,3');
                 smoc                 
--------------------------------------
 1/6-7 2/22-23,32-33 11/1 24/1 29/1,3
(1 row)

SELECT smoc('5/1-127,999-1103');
                    smoc                    
--------------------------------------------
 2/1,16 3/1-3,63,68 4/1-3,250-251 5/1-3,999
(1 row)

SELECT smoc('5/1024-1103');
   smoc    
-----------
 2/16 3/68
(1 row)

SELECT smoc('28/1101-1103');
     smoc     
--------------
 28/1101-1103
(1 row)

